###############################################################################
#
# IAR ANSI C/C++ Compiler V7.70.1.11437/W32 for ARM       08/Jul/2019  02:42:58
# Copyright 1999-2016 IAR Systems AB.
#
#    Cpu mode     =  thumb
#    Endian       =  little
#    Source file  =  
#        D:\Freescale\无线节能14th\wireless_energy_saving_14th\14th_wireless_energy_saving_NXP\14th_wireless_energy_saving\project\14th_wireless_energy_saving\app\debug\src\flash.c
#    Command line =  
#        D:\Freescale\无线节能14th\wireless_energy_saving_14th\14th_wireless_energy_saving_NXP\14th_wireless_energy_saving\project\14th_wireless_energy_saving\app\debug\src\flash.c
#        -D LPLD_K60 -lCN
#        D:\Freescale\无线节能14th\wireless_energy_saving_14th\14th_wireless_energy_saving_NXP\14th_wireless_energy_saving\project\14th_wireless_energy_saving\iar\FLASH\List
#        -lB
#        D:\Freescale\无线节能14th\wireless_energy_saving_14th\14th_wireless_energy_saving_NXP\14th_wireless_energy_saving\project\14th_wireless_energy_saving\iar\FLASH\List
#        -o
#        D:\Freescale\无线节能14th\wireless_energy_saving_14th\14th_wireless_energy_saving_NXP\14th_wireless_energy_saving\project\14th_wireless_energy_saving\iar\FLASH\Obj
#        --no_cse --no_unroll --no_inline --no_code_motion --no_tbaa
#        --no_clustering --no_scheduling --debug --endian=little
#        --cpu=Cortex-M4 -e --fpu=None --dlib_config "D:\Program Files
#        (x86)\IAR Systems\Embedded Workbench
#        7.5\arm\INC\c\DLib_Config_Normal.h" -I
#        D:\Freescale\无线节能14th\wireless_energy_saving_14th\14th_wireless_energy_saving_NXP\14th_wireless_energy_saving\project\14th_wireless_energy_saving\iar\..\app\
#        -I
#        D:\Freescale\无线节能14th\wireless_energy_saving_14th\14th_wireless_energy_saving_NXP\14th_wireless_energy_saving\project\14th_wireless_energy_saving\iar\..\..\..\lib\CPU\
#        -I
#        D:\Freescale\无线节能14th\wireless_energy_saving_14th\14th_wireless_energy_saving_NXP\14th_wireless_energy_saving\project\14th_wireless_energy_saving\iar\..\..\..\lib\common\
#        -I
#        D:\Freescale\无线节能14th\wireless_energy_saving_14th\14th_wireless_energy_saving_NXP\14th_wireless_energy_saving\project\14th_wireless_energy_saving\iar\..\..\..\lib\LPLD\
#        -I
#        D:\Freescale\无线节能14th\wireless_energy_saving_14th\14th_wireless_energy_saving_NXP\14th_wireless_energy_saving\project\14th_wireless_energy_saving\iar\..\..\..\lib\LPLD\HW\
#        -I
#        D:\Freescale\无线节能14th\wireless_energy_saving_14th\14th_wireless_energy_saving_NXP\14th_wireless_energy_saving\project\14th_wireless_energy_saving\iar\..\..\..\lib\LPLD\DEV\
#        -I
#        D:\Freescale\无线节能14th\wireless_energy_saving_14th\14th_wireless_energy_saving_NXP\14th_wireless_energy_saving\project\14th_wireless_energy_saving\iar\..\..\..\lib\uCOS-II\Ports\
#        -I
#        D:\Freescale\无线节能14th\wireless_energy_saving_14th\14th_wireless_energy_saving_NXP\14th_wireless_energy_saving\project\14th_wireless_energy_saving\iar\..\..\..\lib\uCOS-II\Source\
#        -I
#        D:\Freescale\无线节能14th\wireless_energy_saving_14th\14th_wireless_energy_saving_NXP\14th_wireless_energy_saving\project\14th_wireless_energy_saving\iar\..\..\..\lib\FatFs\
#        -I
#        D:\Freescale\无线节能14th\wireless_energy_saving_14th\14th_wireless_energy_saving_NXP\14th_wireless_energy_saving\project\14th_wireless_energy_saving\iar\..\..\..\lib\FatFs\option\
#        -I
#        D:\Freescale\无线节能14th\wireless_energy_saving_14th\14th_wireless_energy_saving_NXP\14th_wireless_energy_saving\project\14th_wireless_energy_saving\iar\..\..\..\lib\USB\common\
#        -I
#        D:\Freescale\无线节能14th\wireless_energy_saving_14th\14th_wireless_energy_saving_NXP\14th_wireless_energy_saving\project\14th_wireless_energy_saving\iar\..\..\..\lib\USB\driver\
#        -I
#        D:\Freescale\无线节能14th\wireless_energy_saving_14th\14th_wireless_energy_saving_NXP\14th_wireless_energy_saving\project\14th_wireless_energy_saving\iar\..\..\..\lib\USB\descriptor\
#        -I
#        D:\Freescale\无线节能14th\wireless_energy_saving_14th\14th_wireless_energy_saving_NXP\14th_wireless_energy_saving\project\14th_wireless_energy_saving\iar\..\..\..\lib\USB\class\
#        -I
#        D:\Freescale\无线节能14th\wireless_energy_saving_14th\14th_wireless_energy_saving_NXP\14th_wireless_energy_saving\project\14th_wireless_energy_saving\iar\..\app\control\inc\
#        -I
#        D:\Freescale\无线节能14th\wireless_energy_saving_14th\14th_wireless_energy_saving_NXP\14th_wireless_energy_saving\project\14th_wireless_energy_saving\iar\..\app\debug\inc\
#        -I
#        D:\Freescale\无线节能14th\wireless_energy_saving_14th\14th_wireless_energy_saving_NXP\14th_wireless_energy_saving\project\14th_wireless_energy_saving\iar\..\app\device\inc\
#        -I
#        D:\Freescale\无线节能14th\wireless_energy_saving_14th\14th_wireless_energy_saving_NXP\14th_wireless_energy_saving\project\14th_wireless_energy_saving\iar\..\app\signal\inc\
#        -I
#        D:\Freescale\无线节能14th\wireless_energy_saving_14th\14th_wireless_energy_saving_NXP\14th_wireless_energy_saving\project\14th_wireless_energy_saving\iar\..\app\system\inc\
#        -I
#        D:\Freescale\无线节能14th\wireless_energy_saving_14th\14th_wireless_energy_saving_NXP\14th_wireless_energy_saving\project\14th_wireless_energy_saving\iar\..\app\control\src\
#        -I
#        D:\Freescale\无线节能14th\wireless_energy_saving_14th\14th_wireless_energy_saving_NXP\14th_wireless_energy_saving\project\14th_wireless_energy_saving\iar\..\app\debug\src\
#        -I
#        D:\Freescale\无线节能14th\wireless_energy_saving_14th\14th_wireless_energy_saving_NXP\14th_wireless_energy_saving\project\14th_wireless_energy_saving\iar\..\app\device\src\
#        -I
#        D:\Freescale\无线节能14th\wireless_energy_saving_14th\14th_wireless_energy_saving_NXP\14th_wireless_energy_saving\project\14th_wireless_energy_saving\iar\..\app\signal\src\
#        -I
#        D:\Freescale\无线节能14th\wireless_energy_saving_14th\14th_wireless_energy_saving_NXP\14th_wireless_energy_saving\project\14th_wireless_energy_saving\iar\..\app\system\src\
#        -I
#        D:\Freescale\无线节能14th\wireless_energy_saving_14th\14th_wireless_energy_saving_NXP\14th_wireless_energy_saving\project\14th_wireless_energy_saving\iar\..\app\drivers\inc\
#        -I
#        D:\Freescale\无线节能14th\wireless_energy_saving_14th\14th_wireless_energy_saving_NXP\14th_wireless_energy_saving\project\14th_wireless_energy_saving\iar\..\app\drivers\src\
#        -I
#        D:\Freescale\无线节能14th\wireless_energy_saving_14th\14th_wireless_energy_saving_NXP\14th_wireless_energy_saving\project\14th_wireless_energy_saving\iar\..\app\charge\inc\
#        -I
#        D:\Freescale\无线节能14th\wireless_energy_saving_14th\14th_wireless_energy_saving_NXP\14th_wireless_energy_saving\project\14th_wireless_energy_saving\iar\..\app\charge\src\
#        -I
#        D:\Freescale\无线节能14th\wireless_energy_saving_14th\14th_wireless_energy_saving_NXP\14th_wireless_energy_saving\project\14th_wireless_energy_saving\iar\..\..\..\lib\LPLD\FUNC\
#        -Ol -I "D:\Program Files (x86)\IAR Systems\Embedded Workbench
#        7.5\arm\CMSIS\Include\" -D ARM_MATH_CM4
#    Locale       =  Chinese (Simplified)_China.936
#    List file    =  
#        D:\Freescale\无线节能14th\wireless_energy_saving_14th\14th_wireless_energy_saving_NXP\14th_wireless_energy_saving\project\14th_wireless_energy_saving\iar\FLASH\List\flash.lst
#    Object file  =  
#        D:\Freescale\无线节能14th\wireless_energy_saving_14th\14th_wireless_energy_saving_NXP\14th_wireless_energy_saving\project\14th_wireless_energy_saving\iar\FLASH\Obj\flash.o
#
###############################################################################

D:\Freescale\无线节能14th\wireless_energy_saving_14th\14th_wireless_energy_saving_NXP\14th_wireless_energy_saving\project\14th_wireless_energy_saving\app\debug\src\flash.c
      1          /*=============================================
      2              @file         flash.c
      3              @brief        flash文件
      4              @programmer   Beyond Hsueh
      5          =============================================*/
      6          
      7          #include "flash.h"
      8          
      9          /*===============================================================
     10                  @note      击鼓其镗，踊跃用兵。土国城漕，我独南行。 　　
     11                             从孙子仲，平陈与宋。不我以归，忧心有忡。 　　
     12                             爰居爰处？爰丧其马？于以求之？于林之下。 　　
     13                             死生契阔，与子成说。执子之手，与子偕老。 　　
     14                             于嗟阔兮，不我活兮。于嗟洵兮，不我信兮。
     15          ==================================================================*/
     16          

   \                                 In section .bss, align 4
     17          FlashDataType g_flashDataBuffer[FLASH_BUFFER_SIZE];
   \                     g_flashDataBuffer:
   \   00000000                      DS8 200
     18          
     19          /*===============================================================
     20          	@brief      flash初始化
     21          ==================================================================*/

   \                                 In section .text, align 2, keep-with-next
     22          void Flash_Init(void)
     23          {
   \                     Flash_Init: (+1)
   \   00000000   0xB580             PUSH     {R7,LR}
     24              LPLD_Flash_Init();
   \   00000002   0x.... 0x....      BL       LPLD_Flash_Init
     25          }
   \   00000006   0xBD01             POP      {R0,PC}          ;; return
     26          
     27          /*===============================================================
     28          	@brief      flash读数据
     29          ==================================================================*/

   \                                 In section .text, align 2, keep-with-next
     30          void Flash_Read_Data(void)
     31          {
     32              FlashDataType * pTemp = NULL;
   \                     Flash_Read_Data: (+1)
   \   00000000   0x2000             MOVS     R0,#+0
     33              uint8 len = 0;
   \   00000002   0x2100             MOVS     R1,#+0
     34          
     35              pTemp = (FlashDataType *)FLASH_TEST_ADDR;
   \   00000004   0xF45F 0x20FF      MOVS     R0,#+522240
     36          
     37              for (len=0; len < FLASH_BUFFER_SIZE; len++)
   \   00000008   0x2100             MOVS     R1,#+0
   \   0000000A   0xE007             B.N      ??Flash_Read_Data_0
     38              {
     39                  g_flashDataBuffer[len] = *(pTemp + len);
   \                     ??Flash_Read_Data_1: (+1)
   \   0000000C   0xB2C9             UXTB     R1,R1            ;; ZeroExt  R1,R1,#+24,#+24
   \   0000000E   0xF830 0x2011      LDRH     R2,[R0, R1, LSL #+1]
   \   00000012   0x....             LDR.N    R3,??DataTable1
   \   00000014   0xB2C9             UXTB     R1,R1            ;; ZeroExt  R1,R1,#+24,#+24
   \   00000016   0xF823 0x2011      STRH     R2,[R3, R1, LSL #+1]
     40              }
   \   0000001A   0x1C49             ADDS     R1,R1,#+1
   \                     ??Flash_Read_Data_0: (+1)
   \   0000001C   0xB2C9             UXTB     R1,R1            ;; ZeroExt  R1,R1,#+24,#+24
   \   0000001E   0x2964             CMP      R1,#+100
   \   00000020   0xDBF4             BLT.N    ??Flash_Read_Data_1
     41          }
   \   00000022   0x4770             BX       LR               ;; return
     42          
     43          /*===============================================================
     44          	@brief      flash写数据
     45          ==================================================================*/

   \                                 In section .text, align 2, keep-with-next
     46          void Flash_Write_Data(void)
     47          {
   \                     Flash_Write_Data: (+1)
   \   00000000   0xB580             PUSH     {R7,LR}
     48              //先擦除
     49              LPLD_Flash_SectorErase(FLASH_TEST_ADDR);
   \   00000002   0xF45F 0x20FF      MOVS     R0,#+522240
   \   00000006   0x.... 0x....      BL       LPLD_Flash_SectorErase
     50          
     51              //再写入
     52              LPLD_Flash_ByteProgram((uint32)FLASH_TEST_ADDR, (uint32*)g_flashDataBuffer, FLASH_BUFFER_SIZE*sizeof(FlashDataType) );
   \   0000000A   0x22C8             MOVS     R2,#+200
   \   0000000C   0x....             LDR.N    R1,??DataTable1
   \   0000000E   0xF45F 0x20FF      MOVS     R0,#+522240
   \   00000012   0x.... 0x....      BL       LPLD_Flash_ByteProgram
     53          
     54          }
   \   00000016   0xBD01             POP      {R0,PC}          ;; return

   \                                 In section .text, align 4, keep-with-next
   \                     ??DataTable1:
   \   00000000   0x........         DC32     g_flashDataBuffer

   Maximum stack usage in bytes:

   .cstack Function
   ------- --------
       8   Flash_Init
         8   -> LPLD_Flash_Init
       0   Flash_Read_Data
       8   Flash_Write_Data
         8   -> LPLD_Flash_ByteProgram
         8   -> LPLD_Flash_SectorErase


   Section sizes:

   Bytes  Function/Label
   -----  --------------
       4  ??DataTable1
       8  Flash_Init
      36  Flash_Read_Data
      24  Flash_Write_Data
     200  g_flashDataBuffer

 
 200 bytes in section .bss
  72 bytes in section .text
 
  72 bytes of CODE memory
 200 bytes of DATA memory

Errors: none
Warnings: none
