###############################################################################
#
# IAR ANSI C/C++ Compiler V7.70.1.11437/W32 for ARM       08/Jul/2019  02:43:00
# Copyright 1999-2016 IAR Systems AB.
#
#    Cpu mode     =  thumb
#    Endian       =  little
#    Source file  =  
#        D:\Freescale\无线节能14th\wireless_energy_saving_14th\14th_wireless_energy_saving_NXP\14th_wireless_energy_saving\project\14th_wireless_energy_saving\app\device\src\led.c
#    Command line =  
#        D:\Freescale\无线节能14th\wireless_energy_saving_14th\14th_wireless_energy_saving_NXP\14th_wireless_energy_saving\project\14th_wireless_energy_saving\app\device\src\led.c
#        -D LPLD_K60 -lCN
#        D:\Freescale\无线节能14th\wireless_energy_saving_14th\14th_wireless_energy_saving_NXP\14th_wireless_energy_saving\project\14th_wireless_energy_saving\iar\FLASH\List
#        -lB
#        D:\Freescale\无线节能14th\wireless_energy_saving_14th\14th_wireless_energy_saving_NXP\14th_wireless_energy_saving\project\14th_wireless_energy_saving\iar\FLASH\List
#        -o
#        D:\Freescale\无线节能14th\wireless_energy_saving_14th\14th_wireless_energy_saving_NXP\14th_wireless_energy_saving\project\14th_wireless_energy_saving\iar\FLASH\Obj
#        --no_cse --no_unroll --no_inline --no_code_motion --no_tbaa
#        --no_clustering --no_scheduling --debug --endian=little
#        --cpu=Cortex-M4 -e --fpu=None --dlib_config "D:\Program Files
#        (x86)\IAR Systems\Embedded Workbench
#        7.5\arm\INC\c\DLib_Config_Normal.h" -I
#        D:\Freescale\无线节能14th\wireless_energy_saving_14th\14th_wireless_energy_saving_NXP\14th_wireless_energy_saving\project\14th_wireless_energy_saving\iar\..\app\
#        -I
#        D:\Freescale\无线节能14th\wireless_energy_saving_14th\14th_wireless_energy_saving_NXP\14th_wireless_energy_saving\project\14th_wireless_energy_saving\iar\..\..\..\lib\CPU\
#        -I
#        D:\Freescale\无线节能14th\wireless_energy_saving_14th\14th_wireless_energy_saving_NXP\14th_wireless_energy_saving\project\14th_wireless_energy_saving\iar\..\..\..\lib\common\
#        -I
#        D:\Freescale\无线节能14th\wireless_energy_saving_14th\14th_wireless_energy_saving_NXP\14th_wireless_energy_saving\project\14th_wireless_energy_saving\iar\..\..\..\lib\LPLD\
#        -I
#        D:\Freescale\无线节能14th\wireless_energy_saving_14th\14th_wireless_energy_saving_NXP\14th_wireless_energy_saving\project\14th_wireless_energy_saving\iar\..\..\..\lib\LPLD\HW\
#        -I
#        D:\Freescale\无线节能14th\wireless_energy_saving_14th\14th_wireless_energy_saving_NXP\14th_wireless_energy_saving\project\14th_wireless_energy_saving\iar\..\..\..\lib\LPLD\DEV\
#        -I
#        D:\Freescale\无线节能14th\wireless_energy_saving_14th\14th_wireless_energy_saving_NXP\14th_wireless_energy_saving\project\14th_wireless_energy_saving\iar\..\..\..\lib\uCOS-II\Ports\
#        -I
#        D:\Freescale\无线节能14th\wireless_energy_saving_14th\14th_wireless_energy_saving_NXP\14th_wireless_energy_saving\project\14th_wireless_energy_saving\iar\..\..\..\lib\uCOS-II\Source\
#        -I
#        D:\Freescale\无线节能14th\wireless_energy_saving_14th\14th_wireless_energy_saving_NXP\14th_wireless_energy_saving\project\14th_wireless_energy_saving\iar\..\..\..\lib\FatFs\
#        -I
#        D:\Freescale\无线节能14th\wireless_energy_saving_14th\14th_wireless_energy_saving_NXP\14th_wireless_energy_saving\project\14th_wireless_energy_saving\iar\..\..\..\lib\FatFs\option\
#        -I
#        D:\Freescale\无线节能14th\wireless_energy_saving_14th\14th_wireless_energy_saving_NXP\14th_wireless_energy_saving\project\14th_wireless_energy_saving\iar\..\..\..\lib\USB\common\
#        -I
#        D:\Freescale\无线节能14th\wireless_energy_saving_14th\14th_wireless_energy_saving_NXP\14th_wireless_energy_saving\project\14th_wireless_energy_saving\iar\..\..\..\lib\USB\driver\
#        -I
#        D:\Freescale\无线节能14th\wireless_energy_saving_14th\14th_wireless_energy_saving_NXP\14th_wireless_energy_saving\project\14th_wireless_energy_saving\iar\..\..\..\lib\USB\descriptor\
#        -I
#        D:\Freescale\无线节能14th\wireless_energy_saving_14th\14th_wireless_energy_saving_NXP\14th_wireless_energy_saving\project\14th_wireless_energy_saving\iar\..\..\..\lib\USB\class\
#        -I
#        D:\Freescale\无线节能14th\wireless_energy_saving_14th\14th_wireless_energy_saving_NXP\14th_wireless_energy_saving\project\14th_wireless_energy_saving\iar\..\app\control\inc\
#        -I
#        D:\Freescale\无线节能14th\wireless_energy_saving_14th\14th_wireless_energy_saving_NXP\14th_wireless_energy_saving\project\14th_wireless_energy_saving\iar\..\app\debug\inc\
#        -I
#        D:\Freescale\无线节能14th\wireless_energy_saving_14th\14th_wireless_energy_saving_NXP\14th_wireless_energy_saving\project\14th_wireless_energy_saving\iar\..\app\device\inc\
#        -I
#        D:\Freescale\无线节能14th\wireless_energy_saving_14th\14th_wireless_energy_saving_NXP\14th_wireless_energy_saving\project\14th_wireless_energy_saving\iar\..\app\signal\inc\
#        -I
#        D:\Freescale\无线节能14th\wireless_energy_saving_14th\14th_wireless_energy_saving_NXP\14th_wireless_energy_saving\project\14th_wireless_energy_saving\iar\..\app\system\inc\
#        -I
#        D:\Freescale\无线节能14th\wireless_energy_saving_14th\14th_wireless_energy_saving_NXP\14th_wireless_energy_saving\project\14th_wireless_energy_saving\iar\..\app\control\src\
#        -I
#        D:\Freescale\无线节能14th\wireless_energy_saving_14th\14th_wireless_energy_saving_NXP\14th_wireless_energy_saving\project\14th_wireless_energy_saving\iar\..\app\debug\src\
#        -I
#        D:\Freescale\无线节能14th\wireless_energy_saving_14th\14th_wireless_energy_saving_NXP\14th_wireless_energy_saving\project\14th_wireless_energy_saving\iar\..\app\device\src\
#        -I
#        D:\Freescale\无线节能14th\wireless_energy_saving_14th\14th_wireless_energy_saving_NXP\14th_wireless_energy_saving\project\14th_wireless_energy_saving\iar\..\app\signal\src\
#        -I
#        D:\Freescale\无线节能14th\wireless_energy_saving_14th\14th_wireless_energy_saving_NXP\14th_wireless_energy_saving\project\14th_wireless_energy_saving\iar\..\app\system\src\
#        -I
#        D:\Freescale\无线节能14th\wireless_energy_saving_14th\14th_wireless_energy_saving_NXP\14th_wireless_energy_saving\project\14th_wireless_energy_saving\iar\..\app\drivers\inc\
#        -I
#        D:\Freescale\无线节能14th\wireless_energy_saving_14th\14th_wireless_energy_saving_NXP\14th_wireless_energy_saving\project\14th_wireless_energy_saving\iar\..\app\drivers\src\
#        -I
#        D:\Freescale\无线节能14th\wireless_energy_saving_14th\14th_wireless_energy_saving_NXP\14th_wireless_energy_saving\project\14th_wireless_energy_saving\iar\..\app\charge\inc\
#        -I
#        D:\Freescale\无线节能14th\wireless_energy_saving_14th\14th_wireless_energy_saving_NXP\14th_wireless_energy_saving\project\14th_wireless_energy_saving\iar\..\app\charge\src\
#        -I
#        D:\Freescale\无线节能14th\wireless_energy_saving_14th\14th_wireless_energy_saving_NXP\14th_wireless_energy_saving\project\14th_wireless_energy_saving\iar\..\..\..\lib\LPLD\FUNC\
#        -Ol -I "D:\Program Files (x86)\IAR Systems\Embedded Workbench
#        7.5\arm\CMSIS\Include\" -D ARM_MATH_CM4
#    Locale       =  Chinese (Simplified)_China.936
#    List file    =  
#        D:\Freescale\无线节能14th\wireless_energy_saving_14th\14th_wireless_energy_saving_NXP\14th_wireless_energy_saving\project\14th_wireless_energy_saving\iar\FLASH\List\led.lst
#    Object file  =  
#        D:\Freescale\无线节能14th\wireless_energy_saving_14th\14th_wireless_energy_saving_NXP\14th_wireless_energy_saving\project\14th_wireless_energy_saving\iar\FLASH\Obj\led.o
#
###############################################################################

D:\Freescale\无线节能14th\wireless_energy_saving_14th\14th_wireless_energy_saving_NXP\14th_wireless_energy_saving\project\14th_wireless_energy_saving\app\device\src\led.c
      1          /*=============================================
      2              @file         led.c
      3              @brief        LED灯文件
      4              @programmer   Beyond Hsueh
      5          =============================================*/
      6          
      7          #include "led.h"
      8          
      9          /*===============================================================
     10                  @note      日日深杯酒满，朝朝小圃花开；
     11                             自歌自舞自开怀，且喜无拘无碍。
     12                             青史几番春梦，红尘多少奇才；
     13                             不须计较与安排，领取而今现在。
     14          ==================================================================*/     
     15          
     16          /*===============================================================
     17          	@brief     LED初始化函数
     18          ==================================================================*/

   \                                 In section .text, align 2, keep-with-next
     19          void LED_Init()
     20          {
   \                     LED_Init: (+1)
   \   00000000   0xB580             PUSH     {R7,LR}
     21              GPIO_Init(LED_PIN_1_PORT, LED_PIN_1_MASK, DIR_OUTPUT, LED_BIT_OFF); 
   \   00000002   0x2301             MOVS     R3,#+1
   \   00000004   0x2201             MOVS     R2,#+1
   \   00000006   0x2140             MOVS     R1,#+64
   \   00000008   0x....             LDR.N    R0,??DataTable3  ;; 0x400ff0c0
   \   0000000A   0x.... 0x....      BL       GPIO_Init
     22              GPIO_Init(LED_PIN_2_PORT, LED_PIN_2_MASK, DIR_OUTPUT, LED_BIT_OFF); 
   \   0000000E   0x2301             MOVS     R3,#+1
   \   00000010   0x2201             MOVS     R2,#+1
   \   00000012   0x2180             MOVS     R1,#+128
   \   00000014   0x....             LDR.N    R0,??DataTable3  ;; 0x400ff0c0
   \   00000016   0x.... 0x....      BL       GPIO_Init
     23              GPIO_Init(LED_PIN_3_PORT, LED_PIN_3_MASK, DIR_OUTPUT, LED_BIT_OFF); 
   \   0000001A   0x2301             MOVS     R3,#+1
   \   0000001C   0x2201             MOVS     R2,#+1
   \   0000001E   0xF44F 0x5180      MOV      R1,#+4096
   \   00000022   0x....             LDR.N    R0,??DataTable3  ;; 0x400ff0c0
   \   00000024   0x.... 0x....      BL       GPIO_Init
     24              GPIO_Init(LED_PIN_4_PORT, LED_PIN_4_MASK, DIR_OUTPUT, LED_BIT_OFF);     
   \   00000028   0x2301             MOVS     R3,#+1
   \   0000002A   0x2201             MOVS     R2,#+1
   \   0000002C   0xF44F 0x5100      MOV      R1,#+8192
   \   00000030   0x....             LDR.N    R0,??DataTable3  ;; 0x400ff0c0
   \   00000032   0x.... 0x....      BL       GPIO_Init
     25          }
   \   00000036   0xBD01             POP      {R0,PC}          ;; return
     26          
     27          /*===============================================================
     28          	@brief     控制LED状态
     29          ==================================================================*/

   \                                 In section .text, align 2, keep-with-next
     30          void Set_LED_Bit(uint8 uc_LED_bit, uint8 uc_LED_bit_value)
     31          {
   \                     Set_LED_Bit: (+1)
   \   00000000   0xB580             PUSH     {R7,LR}
     32              switch (uc_LED_bit)
   \   00000002   0xB2C0             UXTB     R0,R0            ;; ZeroExt  R0,R0,#+24,#+24
   \   00000004   0x2801             CMP      R0,#+1
   \   00000006   0xD006             BEQ.N    ??Set_LED_Bit_0
   \   00000008   0xD321             BCC.N    ??Set_LED_Bit_1
   \   0000000A   0x2803             CMP      R0,#+3
   \   0000000C   0xD011             BEQ.N    ??Set_LED_Bit_2
   \   0000000E   0xD309             BCC.N    ??Set_LED_Bit_3
   \   00000010   0x2804             CMP      R0,#+4
   \   00000012   0xD015             BEQ.N    ??Set_LED_Bit_4
   \   00000014   0xE01B             B.N      ??Set_LED_Bit_1
     33              {
     34                  case LED_1:                  
     35                       LPLD_GPIO_Output_b(LED_PIN_1_PORT, LED_PIN_1, uc_LED_bit_value);                
   \                     ??Set_LED_Bit_0: (+1)
   \   00000016   0x000A             MOVS     R2,R1
   \   00000018   0xB2D2             UXTB     R2,R2            ;; ZeroExt  R2,R2,#+24,#+24
   \   0000001A   0x2106             MOVS     R1,#+6
   \   0000001C   0x....             LDR.N    R0,??DataTable3  ;; 0x400ff0c0
   \   0000001E   0x.... 0x....      BL       LPLD_GPIO_Output_b
     36                       break;
   \   00000022   0xE014             B.N      ??Set_LED_Bit_5
     37                       
     38                  case LED_2:
     39                       LPLD_GPIO_Output_b(LED_PIN_2_PORT, LED_PIN_2, uc_LED_bit_value);
   \                     ??Set_LED_Bit_3: (+1)
   \   00000024   0x000A             MOVS     R2,R1
   \   00000026   0xB2D2             UXTB     R2,R2            ;; ZeroExt  R2,R2,#+24,#+24
   \   00000028   0x2107             MOVS     R1,#+7
   \   0000002A   0x....             LDR.N    R0,??DataTable3  ;; 0x400ff0c0
   \   0000002C   0x.... 0x....      BL       LPLD_GPIO_Output_b
     40                       break;
   \   00000030   0xE00D             B.N      ??Set_LED_Bit_5
     41                       
     42                  case LED_3:
     43                       LPLD_GPIO_Output_b(LED_PIN_3_PORT, LED_PIN_3, uc_LED_bit_value);
   \                     ??Set_LED_Bit_2: (+1)
   \   00000032   0x000A             MOVS     R2,R1
   \   00000034   0xB2D2             UXTB     R2,R2            ;; ZeroExt  R2,R2,#+24,#+24
   \   00000036   0x210C             MOVS     R1,#+12
   \   00000038   0x....             LDR.N    R0,??DataTable3  ;; 0x400ff0c0
   \   0000003A   0x.... 0x....      BL       LPLD_GPIO_Output_b
     44                       break;
   \   0000003E   0xE006             B.N      ??Set_LED_Bit_5
     45                       
     46                  case LED_4:
     47                       LPLD_GPIO_Output_b(LED_PIN_4_PORT, LED_PIN_4, uc_LED_bit_value);
   \                     ??Set_LED_Bit_4: (+1)
   \   00000040   0x000A             MOVS     R2,R1
   \   00000042   0xB2D2             UXTB     R2,R2            ;; ZeroExt  R2,R2,#+24,#+24
   \   00000044   0x210D             MOVS     R1,#+13
   \   00000046   0x....             LDR.N    R0,??DataTable3  ;; 0x400ff0c0
   \   00000048   0x.... 0x....      BL       LPLD_GPIO_Output_b
     48                       break;                     
   \   0000004C   0xE7FF             B.N      ??Set_LED_Bit_5
     49                  
     50                  default:
     51                       break;
     52              }
     53          }
   \                     ??Set_LED_Bit_1: (+1)
   \                     ??Set_LED_Bit_5: (+1)
   \   0000004E   0xBD01             POP      {R0,PC}          ;; return
     54          
     55          
     56          /*===============================================================
     57          	@brief     翻转LED灯
     58          ==================================================================*/

   \                                 In section .text, align 2, keep-with-next
     59          void Change_LED_Bit(uint8 uc_LED_bit)
     60          {
   \                     Change_LED_Bit: (+1)
   \   00000000   0xB580             PUSH     {R7,LR}
     61             switch (uc_LED_bit)
   \   00000002   0xB2C0             UXTB     R0,R0            ;; ZeroExt  R0,R0,#+24,#+24
   \   00000004   0x2801             CMP      R0,#+1
   \   00000006   0xD006             BEQ.N    ??Change_LED_Bit_0
   \   00000008   0xD319             BCC.N    ??Change_LED_Bit_1
   \   0000000A   0x2803             CMP      R0,#+3
   \   0000000C   0xD00D             BEQ.N    ??Change_LED_Bit_2
   \   0000000E   0xD307             BCC.N    ??Change_LED_Bit_3
   \   00000010   0x2804             CMP      R0,#+4
   \   00000012   0xD00F             BEQ.N    ??Change_LED_Bit_4
   \   00000014   0xE013             B.N      ??Change_LED_Bit_1
     62              {
     63                  case LED_1:     
     64                       LPLD_GPIO_Toggle_b(LED_PIN_1_PORT, LED_PIN_1);              
   \                     ??Change_LED_Bit_0: (+1)
   \   00000016   0x2106             MOVS     R1,#+6
   \   00000018   0x....             LDR.N    R0,??DataTable3  ;; 0x400ff0c0
   \   0000001A   0x.... 0x....      BL       LPLD_GPIO_Toggle_b
     65                       break;
   \   0000001E   0xE00E             B.N      ??Change_LED_Bit_5
     66                       
     67                  case LED_2:
     68                       LPLD_GPIO_Toggle_b(LED_PIN_2_PORT, LED_PIN_2); 
   \                     ??Change_LED_Bit_3: (+1)
   \   00000020   0x2107             MOVS     R1,#+7
   \   00000022   0x....             LDR.N    R0,??DataTable3  ;; 0x400ff0c0
   \   00000024   0x.... 0x....      BL       LPLD_GPIO_Toggle_b
     69                       break;
   \   00000028   0xE009             B.N      ??Change_LED_Bit_5
     70                       
     71                  case LED_3:
     72                       LPLD_GPIO_Toggle_b(LED_PIN_3_PORT, LED_PIN_3); 
   \                     ??Change_LED_Bit_2: (+1)
   \   0000002A   0x210C             MOVS     R1,#+12
   \   0000002C   0x....             LDR.N    R0,??DataTable3  ;; 0x400ff0c0
   \   0000002E   0x.... 0x....      BL       LPLD_GPIO_Toggle_b
     73                       break;
   \   00000032   0xE004             B.N      ??Change_LED_Bit_5
     74                       
     75                  case LED_4:
     76                       LPLD_GPIO_Toggle_b(LED_PIN_4_PORT, LED_PIN_4); 
   \                     ??Change_LED_Bit_4: (+1)
   \   00000034   0x210D             MOVS     R1,#+13
   \   00000036   0x....             LDR.N    R0,??DataTable3  ;; 0x400ff0c0
   \   00000038   0x.... 0x....      BL       LPLD_GPIO_Toggle_b
     77                       break;                                  
   \   0000003C   0xE7FF             B.N      ??Change_LED_Bit_5
     78                       
     79                  default:
     80                       break;
     81              }    
     82          }
   \                     ??Change_LED_Bit_1: (+1)
   \                     ??Change_LED_Bit_5: (+1)
   \   0000003E   0xBD01             POP      {R0,PC}          ;; return
     83          
     84          /*===============================================================
     85          	@brief     按位控制LED灯，结合拨码做测试
     86          ==================================================================*/

   \                                 In section .text, align 2, keep-with-next
     87          void Set_LED(uint8 uc_LED_value)
     88          {
   \                     Set_LED: (+1)
   \   00000000   0xB580             PUSH     {R7,LR}
     89              static uint8 suc_LED_bit_temp[4];
     90                 
     91              suc_LED_bit_temp[0] = (uint8)((uc_LED_value & 0x01)>>0);
   \   00000002   0xF010 0x0101      ANDS     R1,R0,#0x1
   \   00000006   0x....             LDR.N    R2,??DataTable3_1
   \   00000008   0x7011             STRB     R1,[R2, #+0]
     92              suc_LED_bit_temp[1] = (uint8)((uc_LED_value & 0x02)>>1);
   \   0000000A   0xF3C0 0x0140      UBFX     R1,R0,#+1,#+1
   \   0000000E   0x....             LDR.N    R2,??DataTable3_1
   \   00000010   0x7051             STRB     R1,[R2, #+1]
     93              suc_LED_bit_temp[2] = (uint8)((uc_LED_value & 0x04)>>2);
   \   00000012   0xF3C0 0x0180      UBFX     R1,R0,#+2,#+1
   \   00000016   0x....             LDR.N    R2,??DataTable3_1
   \   00000018   0x7091             STRB     R1,[R2, #+2]
     94              suc_LED_bit_temp[3] = (uint8)((uc_LED_value & 0x08)>>3);
   \   0000001A   0xF3C0 0x00C0      UBFX     R0,R0,#+3,#+1
   \   0000001E   0x....             LDR.N    R1,??DataTable3_1
   \   00000020   0x70C8             STRB     R0,[R1, #+3]
     95          
     96              LPLD_GPIO_Output_b(LED_PIN_1_PORT, LED_PIN_1, suc_LED_bit_temp[0]);
   \   00000022   0x....             LDR.N    R0,??DataTable3_1
   \   00000024   0x7802             LDRB     R2,[R0, #+0]
   \   00000026   0x2106             MOVS     R1,#+6
   \   00000028   0x....             LDR.N    R0,??DataTable3  ;; 0x400ff0c0
   \   0000002A   0x.... 0x....      BL       LPLD_GPIO_Output_b
     97              LPLD_GPIO_Output_b(LED_PIN_2_PORT, LED_PIN_2, suc_LED_bit_temp[1]);
   \   0000002E   0x....             LDR.N    R0,??DataTable3_1
   \   00000030   0x7842             LDRB     R2,[R0, #+1]
   \   00000032   0x2107             MOVS     R1,#+7
   \   00000034   0x....             LDR.N    R0,??DataTable3  ;; 0x400ff0c0
   \   00000036   0x.... 0x....      BL       LPLD_GPIO_Output_b
     98              LPLD_GPIO_Output_b(LED_PIN_3_PORT, LED_PIN_3, suc_LED_bit_temp[2]);
   \   0000003A   0x....             LDR.N    R0,??DataTable3_1
   \   0000003C   0x7882             LDRB     R2,[R0, #+2]
   \   0000003E   0x210C             MOVS     R1,#+12
   \   00000040   0x....             LDR.N    R0,??DataTable3  ;; 0x400ff0c0
   \   00000042   0x.... 0x....      BL       LPLD_GPIO_Output_b
     99              LPLD_GPIO_Output_b(LED_PIN_4_PORT, LED_PIN_4, suc_LED_bit_temp[3]);
   \   00000046   0x....             LDR.N    R0,??DataTable3_1
   \   00000048   0x78C2             LDRB     R2,[R0, #+3]
   \   0000004A   0x210D             MOVS     R1,#+13
   \   0000004C   0x....             LDR.N    R0,??DataTable3  ;; 0x400ff0c0
   \   0000004E   0x.... 0x....      BL       LPLD_GPIO_Output_b
    100          }
   \   00000052   0xBD01             POP      {R0,PC}          ;; return

   \                                 In section .bss, align 4
   \                     `Set_LED::suc_LED_bit_temp`:
   \   00000000                      DS8 4

   \                                 In section .text, align 4, keep-with-next
   \                     ??DataTable3:
   \   00000000   0x400FF0C0         DC32     0x400ff0c0

   \                                 In section .text, align 4, keep-with-next
   \                     ??DataTable3_1:
   \   00000000   0x........         DC32     `Set_LED::suc_LED_bit_temp`
    101          

   Maximum stack usage in bytes:

   .cstack Function
   ------- --------
       8   Change_LED_Bit
         8   -> LPLD_GPIO_Toggle_b
       8   LED_Init
         8   -> GPIO_Init
       8   Set_LED
         8   -> LPLD_GPIO_Output_b
       8   Set_LED_Bit
         8   -> LPLD_GPIO_Output_b


   Section sizes:

   Bytes  Function/Label
   -----  --------------
       4  ??DataTable3
       4  ??DataTable3_1
      64  Change_LED_Bit
      56  LED_Init
      84  Set_LED
      80  Set_LED_Bit
       4  suc_LED_bit_temp

 
   4 bytes in section .bss
 292 bytes in section .text
 
 292 bytes of CODE memory
   4 bytes of DATA memory

Errors: none
Warnings: none
