###############################################################################
#
# IAR ANSI C/C++ Compiler V7.70.1.11437/W32 for ARM       24/May/2019  16:59:02
# Copyright 1999-2016 IAR Systems AB.
#
#    Cpu mode     =  thumb
#    Endian       =  little
#    Source file  =  
#        D:\Freescale\无线节能14th\14th_wireless_energy_saving\14th_wireless_energy_saving\project\14th_wireless_energy_saving\app\device\servo.c
#    Command line =  
#        D:\Freescale\无线节能14th\14th_wireless_energy_saving\14th_wireless_energy_saving\project\14th_wireless_energy_saving\app\device\servo.c
#        -D LPLD_K60 -lCN
#        D:\Freescale\无线节能14th\14th_wireless_energy_saving\14th_wireless_energy_saving\project\14th_wireless_energy_saving\iar\FLASH\List
#        -lB
#        D:\Freescale\无线节能14th\14th_wireless_energy_saving\14th_wireless_energy_saving\project\14th_wireless_energy_saving\iar\FLASH\List
#        -o
#        D:\Freescale\无线节能14th\14th_wireless_energy_saving\14th_wireless_energy_saving\project\14th_wireless_energy_saving\iar\FLASH\Obj
#        --no_cse --no_unroll --no_inline --no_code_motion --no_tbaa
#        --no_clustering --no_scheduling --debug --endian=little
#        --cpu=Cortex-M4 -e --fpu=None --dlib_config "D:\Program Files
#        (x86)\IAR Systems\Embedded Workbench
#        7.5\arm\INC\c\DLib_Config_Normal.h" -I
#        D:\Freescale\无线节能14th\14th_wireless_energy_saving\14th_wireless_energy_saving\project\14th_wireless_energy_saving\iar\..\app\
#        -I
#        D:\Freescale\无线节能14th\14th_wireless_energy_saving\14th_wireless_energy_saving\project\14th_wireless_energy_saving\iar\..\..\..\lib\CPU\
#        -I
#        D:\Freescale\无线节能14th\14th_wireless_energy_saving\14th_wireless_energy_saving\project\14th_wireless_energy_saving\iar\..\..\..\lib\common\
#        -I
#        D:\Freescale\无线节能14th\14th_wireless_energy_saving\14th_wireless_energy_saving\project\14th_wireless_energy_saving\iar\..\..\..\lib\LPLD\
#        -I
#        D:\Freescale\无线节能14th\14th_wireless_energy_saving\14th_wireless_energy_saving\project\14th_wireless_energy_saving\iar\..\..\..\lib\LPLD\HW\
#        -I
#        D:\Freescale\无线节能14th\14th_wireless_energy_saving\14th_wireless_energy_saving\project\14th_wireless_energy_saving\iar\..\..\..\lib\LPLD\DEV\
#        -I
#        D:\Freescale\无线节能14th\14th_wireless_energy_saving\14th_wireless_energy_saving\project\14th_wireless_energy_saving\iar\..\..\..\lib\uCOS-II\Ports\
#        -I
#        D:\Freescale\无线节能14th\14th_wireless_energy_saving\14th_wireless_energy_saving\project\14th_wireless_energy_saving\iar\..\..\..\lib\uCOS-II\Source\
#        -I
#        D:\Freescale\无线节能14th\14th_wireless_energy_saving\14th_wireless_energy_saving\project\14th_wireless_energy_saving\iar\..\..\..\lib\FatFs\
#        -I
#        D:\Freescale\无线节能14th\14th_wireless_energy_saving\14th_wireless_energy_saving\project\14th_wireless_energy_saving\iar\..\..\..\lib\FatFs\option\
#        -I
#        D:\Freescale\无线节能14th\14th_wireless_energy_saving\14th_wireless_energy_saving\project\14th_wireless_energy_saving\iar\..\..\..\lib\USB\common\
#        -I
#        D:\Freescale\无线节能14th\14th_wireless_energy_saving\14th_wireless_energy_saving\project\14th_wireless_energy_saving\iar\..\..\..\lib\USB\driver\
#        -I
#        D:\Freescale\无线节能14th\14th_wireless_energy_saving\14th_wireless_energy_saving\project\14th_wireless_energy_saving\iar\..\..\..\lib\USB\descriptor\
#        -I
#        D:\Freescale\无线节能14th\14th_wireless_energy_saving\14th_wireless_energy_saving\project\14th_wireless_energy_saving\iar\..\..\..\lib\USB\class\
#        -I
#        D:\Freescale\无线节能14th\14th_wireless_energy_saving\14th_wireless_energy_saving\project\14th_wireless_energy_saving\iar\..\app\control\
#        -I
#        D:\Freescale\无线节能14th\14th_wireless_energy_saving\14th_wireless_energy_saving\project\14th_wireless_energy_saving\iar\..\app\debug\
#        -I
#        D:\Freescale\无线节能14th\14th_wireless_energy_saving\14th_wireless_energy_saving\project\14th_wireless_energy_saving\iar\..\app\device\
#        -I
#        D:\Freescale\无线节能14th\14th_wireless_energy_saving\14th_wireless_energy_saving\project\14th_wireless_energy_saving\iar\..\app\drives\
#        -I
#        D:\Freescale\无线节能14th\14th_wireless_energy_saving\14th_wireless_energy_saving\project\14th_wireless_energy_saving\iar\..\app\signal\
#        -I
#        D:\Freescale\无线节能14th\14th_wireless_energy_saving\14th_wireless_energy_saving\project\14th_wireless_energy_saving\iar\..\app\system\
#        -Ol -I "D:\Program Files (x86)\IAR Systems\Embedded Workbench
#        7.5\arm\CMSIS\Include\" -D ARM_MATH_CM4
#    Locale       =  Chinese (Simplified)_China.936
#    List file    =  
#        D:\Freescale\无线节能14th\14th_wireless_energy_saving\14th_wireless_energy_saving\project\14th_wireless_energy_saving\iar\FLASH\List\servo.lst
#    Object file  =  
#        D:\Freescale\无线节能14th\14th_wireless_energy_saving\14th_wireless_energy_saving\project\14th_wireless_energy_saving\iar\FLASH\Obj\servo.o
#
###############################################################################

D:\Freescale\无线节能14th\14th_wireless_energy_saving\14th_wireless_energy_saving\project\14th_wireless_energy_saving\app\device\servo.c
      1          /*=============================================
      2              @file         servo.c
      3              @brief        舵机文件
      4              @programmer   XBY
      5          =============================================*/
      6          
      7          #include "servo.h"
      8          
      9          /*===============================================================
     10          	@brief     舵机输出初始化
     11          ==================================================================*/
     12          void Servo_Init()
     13          {
     14              Servo_PWM_Init();
     15          }
     16          
     17          /*===============================================================
     18          	@brief     舵机输出限幅
     19          ==================================================================*/
     20          void Servo_PWM(uint16 PWMDuty)
     21          {
     22              PWMDuty = (uint16)(Limiter(PWMDuty,Servo_Min_PWM , Servo_Max_PWM));//舵机输出限幅
     23              Change_PWM_Servo(PWMDuty);
     24          }
     25          
     26          /*===============================================================
     27          	@brief     舵机输出
     28          ==================================================================*/
     29          void Sevro_Output(int16 dir)
     30          {
     31              gl_servo_pwm =dir + Servo_Center_PWM;
     32              Servo_PWM(gl_servo_pwm);
     33          }
     34          
     35          /*===============================================================
     36          	@brief     获取当前输出与中心值偏差
     37          ==================================================================*/
     38          int16 Get_Servo_PWM_Delta()
     39          {
     40              int16 temp = 0;
     41              temp = gl_servo_pwm - Servo_Center_PWM;
     42              return temp;
     43          }
     44          
     45          /*===============================================================
     46          	@brief     获取当前方向
     47          ==================================================================*/
     48          void Get_Servo_Direction()
     49          {
     50              int16 temp = 0;
     51              temp = gl_servo_pwm - Servo_Center_PWM;
     52              
     53              if(temp > 0)
     54                guc_direction_flag = LEFT;
     55              
     56              else if(temp < 0)
     57                guc_direction_flag = RIGHT;
     58              
     59              else if(temp == 0)
     60                guc_direction_flag = STREIGHT;
     61                
     62          }

Errors: 3
Warnings: 5
