###############################################################################
#
# IAR ANSI C/C++ Compiler V7.70.1.11437/W32 for ARM       08/Jul/2019  02:43:04
# Copyright 1999-2016 IAR Systems AB.
#
#    Cpu mode     =  thumb
#    Endian       =  little
#    Source file  =  
#        D:\Freescale\无线节能14th\wireless_energy_saving_14th\14th_wireless_energy_saving_NXP\14th_wireless_energy_saving\project\14th_wireless_energy_saving\app\drivers\src\uart.c
#    Command line =  
#        D:\Freescale\无线节能14th\wireless_energy_saving_14th\14th_wireless_energy_saving_NXP\14th_wireless_energy_saving\project\14th_wireless_energy_saving\app\drivers\src\uart.c
#        -D LPLD_K60 -lCN
#        D:\Freescale\无线节能14th\wireless_energy_saving_14th\14th_wireless_energy_saving_NXP\14th_wireless_energy_saving\project\14th_wireless_energy_saving\iar\FLASH\List
#        -lB
#        D:\Freescale\无线节能14th\wireless_energy_saving_14th\14th_wireless_energy_saving_NXP\14th_wireless_energy_saving\project\14th_wireless_energy_saving\iar\FLASH\List
#        -o
#        D:\Freescale\无线节能14th\wireless_energy_saving_14th\14th_wireless_energy_saving_NXP\14th_wireless_energy_saving\project\14th_wireless_energy_saving\iar\FLASH\Obj
#        --no_cse --no_unroll --no_inline --no_code_motion --no_tbaa
#        --no_clustering --no_scheduling --debug --endian=little
#        --cpu=Cortex-M4 -e --fpu=None --dlib_config "D:\Program Files
#        (x86)\IAR Systems\Embedded Workbench
#        7.5\arm\INC\c\DLib_Config_Normal.h" -I
#        D:\Freescale\无线节能14th\wireless_energy_saving_14th\14th_wireless_energy_saving_NXP\14th_wireless_energy_saving\project\14th_wireless_energy_saving\iar\..\app\
#        -I
#        D:\Freescale\无线节能14th\wireless_energy_saving_14th\14th_wireless_energy_saving_NXP\14th_wireless_energy_saving\project\14th_wireless_energy_saving\iar\..\..\..\lib\CPU\
#        -I
#        D:\Freescale\无线节能14th\wireless_energy_saving_14th\14th_wireless_energy_saving_NXP\14th_wireless_energy_saving\project\14th_wireless_energy_saving\iar\..\..\..\lib\common\
#        -I
#        D:\Freescale\无线节能14th\wireless_energy_saving_14th\14th_wireless_energy_saving_NXP\14th_wireless_energy_saving\project\14th_wireless_energy_saving\iar\..\..\..\lib\LPLD\
#        -I
#        D:\Freescale\无线节能14th\wireless_energy_saving_14th\14th_wireless_energy_saving_NXP\14th_wireless_energy_saving\project\14th_wireless_energy_saving\iar\..\..\..\lib\LPLD\HW\
#        -I
#        D:\Freescale\无线节能14th\wireless_energy_saving_14th\14th_wireless_energy_saving_NXP\14th_wireless_energy_saving\project\14th_wireless_energy_saving\iar\..\..\..\lib\LPLD\DEV\
#        -I
#        D:\Freescale\无线节能14th\wireless_energy_saving_14th\14th_wireless_energy_saving_NXP\14th_wireless_energy_saving\project\14th_wireless_energy_saving\iar\..\..\..\lib\uCOS-II\Ports\
#        -I
#        D:\Freescale\无线节能14th\wireless_energy_saving_14th\14th_wireless_energy_saving_NXP\14th_wireless_energy_saving\project\14th_wireless_energy_saving\iar\..\..\..\lib\uCOS-II\Source\
#        -I
#        D:\Freescale\无线节能14th\wireless_energy_saving_14th\14th_wireless_energy_saving_NXP\14th_wireless_energy_saving\project\14th_wireless_energy_saving\iar\..\..\..\lib\FatFs\
#        -I
#        D:\Freescale\无线节能14th\wireless_energy_saving_14th\14th_wireless_energy_saving_NXP\14th_wireless_energy_saving\project\14th_wireless_energy_saving\iar\..\..\..\lib\FatFs\option\
#        -I
#        D:\Freescale\无线节能14th\wireless_energy_saving_14th\14th_wireless_energy_saving_NXP\14th_wireless_energy_saving\project\14th_wireless_energy_saving\iar\..\..\..\lib\USB\common\
#        -I
#        D:\Freescale\无线节能14th\wireless_energy_saving_14th\14th_wireless_energy_saving_NXP\14th_wireless_energy_saving\project\14th_wireless_energy_saving\iar\..\..\..\lib\USB\driver\
#        -I
#        D:\Freescale\无线节能14th\wireless_energy_saving_14th\14th_wireless_energy_saving_NXP\14th_wireless_energy_saving\project\14th_wireless_energy_saving\iar\..\..\..\lib\USB\descriptor\
#        -I
#        D:\Freescale\无线节能14th\wireless_energy_saving_14th\14th_wireless_energy_saving_NXP\14th_wireless_energy_saving\project\14th_wireless_energy_saving\iar\..\..\..\lib\USB\class\
#        -I
#        D:\Freescale\无线节能14th\wireless_energy_saving_14th\14th_wireless_energy_saving_NXP\14th_wireless_energy_saving\project\14th_wireless_energy_saving\iar\..\app\control\inc\
#        -I
#        D:\Freescale\无线节能14th\wireless_energy_saving_14th\14th_wireless_energy_saving_NXP\14th_wireless_energy_saving\project\14th_wireless_energy_saving\iar\..\app\debug\inc\
#        -I
#        D:\Freescale\无线节能14th\wireless_energy_saving_14th\14th_wireless_energy_saving_NXP\14th_wireless_energy_saving\project\14th_wireless_energy_saving\iar\..\app\device\inc\
#        -I
#        D:\Freescale\无线节能14th\wireless_energy_saving_14th\14th_wireless_energy_saving_NXP\14th_wireless_energy_saving\project\14th_wireless_energy_saving\iar\..\app\signal\inc\
#        -I
#        D:\Freescale\无线节能14th\wireless_energy_saving_14th\14th_wireless_energy_saving_NXP\14th_wireless_energy_saving\project\14th_wireless_energy_saving\iar\..\app\system\inc\
#        -I
#        D:\Freescale\无线节能14th\wireless_energy_saving_14th\14th_wireless_energy_saving_NXP\14th_wireless_energy_saving\project\14th_wireless_energy_saving\iar\..\app\control\src\
#        -I
#        D:\Freescale\无线节能14th\wireless_energy_saving_14th\14th_wireless_energy_saving_NXP\14th_wireless_energy_saving\project\14th_wireless_energy_saving\iar\..\app\debug\src\
#        -I
#        D:\Freescale\无线节能14th\wireless_energy_saving_14th\14th_wireless_energy_saving_NXP\14th_wireless_energy_saving\project\14th_wireless_energy_saving\iar\..\app\device\src\
#        -I
#        D:\Freescale\无线节能14th\wireless_energy_saving_14th\14th_wireless_energy_saving_NXP\14th_wireless_energy_saving\project\14th_wireless_energy_saving\iar\..\app\signal\src\
#        -I
#        D:\Freescale\无线节能14th\wireless_energy_saving_14th\14th_wireless_energy_saving_NXP\14th_wireless_energy_saving\project\14th_wireless_energy_saving\iar\..\app\system\src\
#        -I
#        D:\Freescale\无线节能14th\wireless_energy_saving_14th\14th_wireless_energy_saving_NXP\14th_wireless_energy_saving\project\14th_wireless_energy_saving\iar\..\app\drivers\inc\
#        -I
#        D:\Freescale\无线节能14th\wireless_energy_saving_14th\14th_wireless_energy_saving_NXP\14th_wireless_energy_saving\project\14th_wireless_energy_saving\iar\..\app\drivers\src\
#        -I
#        D:\Freescale\无线节能14th\wireless_energy_saving_14th\14th_wireless_energy_saving_NXP\14th_wireless_energy_saving\project\14th_wireless_energy_saving\iar\..\app\charge\inc\
#        -I
#        D:\Freescale\无线节能14th\wireless_energy_saving_14th\14th_wireless_energy_saving_NXP\14th_wireless_energy_saving\project\14th_wireless_energy_saving\iar\..\app\charge\src\
#        -I
#        D:\Freescale\无线节能14th\wireless_energy_saving_14th\14th_wireless_energy_saving_NXP\14th_wireless_energy_saving\project\14th_wireless_energy_saving\iar\..\..\..\lib\LPLD\FUNC\
#        -Ol -I "D:\Program Files (x86)\IAR Systems\Embedded Workbench
#        7.5\arm\CMSIS\Include\" -D ARM_MATH_CM4
#    Locale       =  Chinese (Simplified)_China.936
#    List file    =  
#        D:\Freescale\无线节能14th\wireless_energy_saving_14th\14th_wireless_energy_saving_NXP\14th_wireless_energy_saving\project\14th_wireless_energy_saving\iar\FLASH\List\uart.lst
#    Object file  =  
#        D:\Freescale\无线节能14th\wireless_energy_saving_14th\14th_wireless_energy_saving_NXP\14th_wireless_energy_saving\project\14th_wireless_energy_saving\iar\FLASH\Obj\uart.o
#
###############################################################################

D:\Freescale\无线节能14th\wireless_energy_saving_14th\14th_wireless_energy_saving_NXP\14th_wireless_energy_saving\project\14th_wireless_energy_saving\app\drivers\src\uart.c
      1          /*=============================================
      2              @file         uart.c
      3              @brief        串口
      4              @programmer   Beyond Hsueh
      5          =============================================*/
      6          
      7          #include "uart.h"
      8          
      9          /*===============================================================
     10                  @note      沐春风，惹一身红尘，
     11                             望秋月，化半缕轻烟；
     12                             顾盼间乾坤倒转，一霎时沧海桑田；
     13                             方晓，弹指红颜老，刹那芳华逝。
     14          ==================================================================*/    
     15          
     16          /*===============================================================
     17          	@brief     UART初始化
     18          ==================================================================*/ 

   \                                 In section .text, align 2, keep-with-next
     19          void UART_Init()
     20          {
   \                     UART_Init: (+1)
   \   00000000   0xB500             PUSH     {LR}
   \   00000002   0xB087             SUB      SP,SP,#+28
     21          	UART_InitTypeDef struct_uart;
     22          	
     23          	struct_uart.UART_Uartx = UART_ID;
   \   00000004   0x....             LDR.N    R0,??DataTable3  ;; 0x4006c000
   \   00000006   0x9001             STR      R0,[SP, #+4]
     24          	struct_uart.UART_BaudRate = UART_BAUDRATE; //设置波特率
   \   00000008   0xF45F 0x30E1      MOVS     R0,#+115200
   \   0000000C   0x9002             STR      R0,[SP, #+8]
     25          //	struct_uart.UART_RxIntEnable = TURE;
     26          //	struct_uart.UART_RxIsr = UART_HANDLER;
     27          	struct_uart.UART_RxPin = UART_RXD;
   \   0000000E   0x205E             MOVS     R0,#+94
   \   00000010   0xF88D 0x000D      STRB     R0,[SP, #+13]
     28          	struct_uart.UART_TxPin = UART_TXD;
   \   00000014   0x205F             MOVS     R0,#+95
   \   00000016   0xF88D 0x000C      STRB     R0,[SP, #+12]
     29          	//初始化UART
     30          	LPLD_UART_Init(struct_uart);
   \   0000001A   0xA901             ADD      R1,SP,#+4
   \   0000001C   0xB084             SUB      SP,SP,#+16
   \   0000001E   0x4668             MOV      R0,SP
   \   00000020   0x2214             MOVS     R2,#+20
   \   00000022   0x.... 0x....      BL       __aeabi_memcpy4
   \   00000026   0xBC0F             POP      {R0-R3}
   \   00000028   0x.... 0x....      BL       LPLD_UART_Init
     31          
     32          //	LPLD_UART_EnableIrq(struct_uart);
     33          }
   \   0000002C   0xB007             ADD      SP,SP,#+28
   \   0000002E   0xBD00             POP      {PC}             ;; return
     34          
     35          /*===============================================================
     36          	@brief     UART发送一个字符型数据
     37          ==================================================================*/ 

   \                                 In section .text, align 2, keep-with-next
     38          void UART_Sendchar(uint8 data)
     39          {
   \                     UART_Sendchar: (+1)
   \   00000000   0xB580             PUSH     {R7,LR}
     40          	LPLD_UART_PutChar(UART_ID, data);
   \   00000002   0x0001             MOVS     R1,R0
   \   00000004   0xB249             SXTB     R1,R1            ;; SignExt  R1,R1,#+24,#+24
   \   00000006   0x....             LDR.N    R0,??DataTable3  ;; 0x4006c000
   \   00000008   0x.... 0x....      BL       LPLD_UART_PutChar
     41          }
   \   0000000C   0xBD01             POP      {R0,PC}          ;; return
     42          
     43          /*===============================================================
     44          	@brief     UART发送一个字符串数据
     45          ==================================================================*/ 

   \                                 In section .text, align 2, keep-with-next
     46          void UART_Sendstring(int8 *pstr)
     47          {
   \                     UART_Sendstring: (+1)
   \   00000000   0xB580             PUSH     {R7,LR}
     48          	int32 length = 0;
   \   00000002   0x2200             MOVS     R2,#+0
   \   00000004   0xE000             B.N      ??UART_Sendstring_0
     49          	
     50          	for(; pstr[length] != '\0';)
     51          	{
     52          		length++;
   \                     ??UART_Sendstring_1: (+1)
   \   00000006   0x1C52             ADDS     R2,R2,#+1
     53          	}
   \                     ??UART_Sendstring_0: (+1)
   \   00000008   0x5681             LDRSB    R1,[R0, R2]
   \   0000000A   0x2900             CMP      R1,#+0
   \   0000000C   0xD1FB             BNE.N    ??UART_Sendstring_1
     54          	length++;
   \   0000000E   0x1C52             ADDS     R2,R2,#+1
     55          
     56          	LPLD_UART_PutCharArr(UART_ID,pstr,length);
   \   00000010   0x0001             MOVS     R1,R0
   \   00000012   0x....             LDR.N    R0,??DataTable3  ;; 0x4006c000
   \   00000014   0x.... 0x....      BL       LPLD_UART_PutCharArr
     57          }
   \   00000018   0xBD01             POP      {R0,PC}          ;; return
     58          
     59          /*===============================================================
     60          	@brief     UART接受一个字符型数据
     61          ==================================================================*/ 

   \                                 In section .text, align 2, keep-with-next
     62          int8 UART_Receivechar()
     63          {
   \                     UART_Receivechar: (+1)
   \   00000000   0xB580             PUSH     {R7,LR}
     64          	return LPLD_UART_GetChar(UART_ID);
   \   00000002   0x....             LDR.N    R0,??DataTable3  ;; 0x4006c000
   \   00000004   0x.... 0x....      BL       LPLD_UART_GetChar
   \   00000008   0xBD02             POP      {R1,PC}          ;; return
     65          }

   \                                 In section .text, align 4, keep-with-next
   \                     ??DataTable3:
   \   00000000   0x4006C000         DC32     0x4006c000

   Maximum stack usage in bytes:

   .cstack Function
   ------- --------
      48   UART_Init
        32   -> LPLD_UART_Init
        48   -> __aeabi_memcpy4
       8   UART_Receivechar
         8   -> LPLD_UART_GetChar
       8   UART_Sendchar
         8   -> LPLD_UART_PutChar
       8   UART_Sendstring
         8   -> LPLD_UART_PutCharArr


   Section sizes:

   Bytes  Function/Label
   -----  --------------
       4  ??DataTable3
      48  UART_Init
      10  UART_Receivechar
      14  UART_Sendchar
      26  UART_Sendstring

 
 102 bytes in section .text
 
 102 bytes of CODE memory

Errors: none
Warnings: none
